[4Aâœ“ test2[K
                           [K
  Done! Updated 2 charts.  [K
                           [K
                           [K[J[300D[2K[?2004l[?25h[?1002l[?1003l[?1006l