[4Aâœ— test2[K
                                                                                                                                                                                                                                                                                                            
  test error                                                                                                                                                                                                                                                                                                
                                                                                                                                                                                                                                                                                                            
                                                                                                                                                                                                                                                                                                            [J[300D[2K[?2004l[?25h[?1002l[?1003l[?1006l